../Drivers/CMSIS/Include/core_cm4.h:1816:22:__NVIC_SetPriority	16	static
../Core/Src/main.c:76:6:HAL_TIM_IC_CaptureCallback	16	static
../Core/Src/main.c:116:6:HCSR04_read	8	static
../Core/Src/main.c:130:6:delay_us	16	static
../Core/Src/main.c:136:6:display_temp	32	static
../Core/Src/main.c:143:6:display_rh	40	static
../Core/Src/main.c:151:6:set_Pin_INPUT	40	static
../Core/Src/main.c:162:6:set_Pin_OUTPOUT	40	static
../Core/Src/main.c:172:6:delay_init	8	static
../Core/Src/main.c:188:6:delay_ms	16	static
../Core/Src/main.c:201:6:HAL_IncTick	4	static
../Core/Src/main.c:218:5:main	8	static
../Core/Src/main.c:280:6:SystemClock_Config	88	static
../Core/Src/main.c:328:13:MX_I2C1_Init	8	static
../Core/Src/main.c:362:13:MX_TIM1_Init	32	static
../Core/Src/main.c:411:13:MX_TIM6_Init	16	static
../Core/Src/main.c:449:13:MX_GPIO_Init	48	static
../Core/Src/main.c:493:6:Error_Handler	4	static,ignoring_inline_asm
